create mode 100644 .terraform/providers/registry.terraform.io/hashicorp/aws/6.19.0/windows_386/LICENSE.txt
 create mode 100644 .terraform/providers/registry.terraform.io/hashicorp/aws/6.19.0/windows_386/terraform-provider-aws_v6.19.0_x5.exe
 create mode 100644 .terraform/terraform.tfstate
 create mode 100644 backend.tf
 create mode 100644 main.tf
 create mode 100644 provider.tf

HP@LAPTOP-71KDDCLF MINGW64 /d/terraform/terraform-practic-/day-4-state-locking (master)
$ git push
fatal: No configured push destination.
Either specify the URL from the command-line or configure a remote repository using

    git remote add <name> <url>

and then push using the remote name

    git push <name>


HP@LAPTOP-71KDDCLF MINGW64 /d/terraform/terraform-practic-/day-4-state-locking (master)
$ git init
Reinitialized existing Git repository in D:/terraform/terraform-practic-/day-4-state-locking/.git/

HP@LAPTOP-71KDDCLF MINGW64 /d/terraform/terraform-practic-/day-4-state-locking (master)
$ git add .

HP@LAPTOP-71KDDCLF MINGW64 /d/terraform/terraform-practic-/day-4-state-locking (master)
$ git commit -m "day-4"
On branch master
nothing to commit, working tree clean

HP@LAPTOP-71KDDCLF MINGW64 /d/terraform/terraform-practic-/day-4-state-locking (master)
$ git push
fatal: No configured push destination.
Either specify the URL from the command-line or configure a remote repository using

    git remote add <name> <url>

and then push using the remote name

    git push <name>


HP@LAPTOP-71KDDCLF MINGW64 /d/terraform/terraform-practic-/day-4-state-locking (master)
$ cd ..

HP@LAPTOP-71KDDCLF MINGW64 /d/terraform/terraform-practic- (main)
$ ls
day-1-basic-code/  day-2-basic-code/  day-3-statefile/  day-4-state-locking/

HP@LAPTOP-71KDDCLF MINGW64 /d/terraform/terraform-practic- (main)
$ git add .
warning: adding embedded git repository: day-4-state-locking
hint: You've added another git repository inside your current repository.
hint: Clones of the outer repository will not contain the contents of
hint: the embedded repository and will not know how to obtain it.
hint: If you meant to add a submodule, use:
hint:
hint:   git submodule add <url> day-4-state-locking
hint:
hint: If you added this path by mistake, you can remove it from the
hint: index with:
hint:
hint:   git rm --cached day-4-state-locking
hint:
hint: See "git help submodule" for more information.
hint: Disable this message with "git config set advice.addEmbeddedRepo false"

HP@LAPTOP-71KDDCLF MINGW64 /d/terraform/terraform-practic- (main)
$ git commit -m "day-4"
[main ea3eedc] day-4
 1 file changed, 1 insertion(+)
 create mode 160000 day-4-state-locking

HP@LAPTOP-71KDDCLF MINGW64 /d/terraform/terraform-practic- (main)
$ git push
Enumerating objects: 3, done.
Counting objects: 100% (3/3), done.
Delta compression using up to 16 threads
Compressing objects: 100% (2/2), done.
Writing objects: 100% (2/2), 265 bytes | 265.00 KiB/s, done.
Total 2 (delta 1), reused 0 (delta 0), pack-reused 0 (from 0)
remote: Resolving deltas: 100% (1/1), completed with 1 local object.
To https://github.com/Avinashraju7396/terraform-practic-.git
   4199dbc..ea3eedc  main -> main

HP@LAPTOP-71KDDCLF MINGW64 /d/terraform/terraform-practic- (main)
$ ls
day-1-basic-code/  day-2-basic-code/  day-3-statefile/  day-4-state-locking/

HP@LAPTOP-71KDDCLF MINGW64 /d/terraform/terraform-practic- (main)
$ cd day-4-state-locking/

HP@LAPTOP-71KDDCLF MINGW64 /d/terraform/terraform-practic-/day-4-state-locking (master)
$ ls
backend.tf  main.tf  provider.tf

HP@LAPTOP-71KDDCLF MINGW64 /d/terraform/terraform-practic-/day-4-state-locking (master)
$ git add day-4-state-locking
fatal: pathspec 'day-4-state-locking' did not match any files

HP@LAPTOP-71KDDCLF MINGW64 /d/terraform/terraform-practic-/day-4-state-locking (master)
$ git init
Reinitialized existing Git repository in D:/terraform/terraform-practic-/day-4-state-locking/.git/

HP@LAPTOP-71KDDCLF MINGW64 /d/terraform/terraform-practic-/day-4-state-locking (master)
$ git add day-4-state-locking
fatal: pathspec 'day-4-state-locking' did not match any files

HP@LAPTOP-71KDDCLF MINGW64 /d/terraform/terraform-practic-/day-4-state-locking (master)
$ cd ..

HP@LAPTOP-71KDDCLF MINGW64 /d/terraform/terraform-practic- (main)
$ ls
day-1-basic-code/  day-2-basic-code/  day-3-statefile/  day-4-state-locking/

HP@LAPTOP-71KDDCLF MINGW64 /d/terraform/terraform-practic- (main)
$ git add day-4-state-locking/

HP@LAPTOP-71KDDCLF MINGW64 /d/terraform/terraform-practic- (main)
$ git commit -m "day-4-state-locking/"
On branch main
Your branch is up to date with 'origin/main'.

nothing to commit, working tree clean

HP@LAPTOP-71KDDCLF MINGW64 /d/terraform/terraform-practic- (main)
$ git push
Everything up-to-date

HP@LAPTOP-71KDDCLF MINGW64 /d/terraform/terraform-practic- (main)
$ cat .gitignore | grep day-4-state-locking

HP@LAPTOP-71KDDCLF MINGW64 /d/terraform/terraform-practic- (main)
$ git ls-files | grep "day-4-state-locking" || echo "no tracked files matched"
day-4-state-locking

HP@LAPTOP-71KDDCLF MINGW64 /d/terraform/terraform-practic- (main)
$ rm -rf day-4-state-locking/.git

HP@LAPTOP-71KDDCLF MINGW64 /d/terraform/terraform-practic- (main)
$ cd day-4-state-locking/

HP@LAPTOP-71KDDCLF MINGW64 /d/terraform/terraform-practic-/day-4-state-locking (main)
$ ls
backend.tf  main.tf  provider.tf

HP@LAPTOP-71KDDCLF MINGW64 /d/terraform/terraform-practic-/day-4-state-locking (main)
$ ls =la
ls: cannot access '=la': No such file or directory

HP@LAPTOP-71KDDCLF MINGW64 /d/terraform/terraform-practic-/day-4-state-locking (main)
$ ls -la
total 15
drwxr-xr-x 1 HP 197121    0 Oct 31 13:50 ./
drwxr-xr-x 1 HP 197121    0 Oct 31 12:25 ../
drwxr-xr-x 1 HP 197121    0 Oct 31 13:27 .terraform/
-rw-r--r-- 1 HP 197121 1377 Oct 31 13:19 .terraform.lock.hcl
-rw-r--r-- 1 HP 197121  162 Oct 31 13:18 backend.tf
-rw-r--r-- 1 HP 197121  489 Oct 31 13:31 main.tf
-rw-r--r-- 1 HP 197121   43 Oct 31 13:18 provider.tf

HP@LAPTOP-71KDDCLF MINGW64 /d/terraform/terraform-practic-/day-4-state-locking (main)
$ git init
Initialized empty Git repository in D:/terraform/terraform-practic-/day-4-state-locking/.git/

HP@LAPTOP-71KDDCLF MINGW64 /d/terraform/terraform-practic-/day-4-state-locking (master)
$ cd ..

HP@LAPTOP-71KDDCLF MINGW64 /d/terraform/terraform-practic- (main)
$ git add .

HP@LAPTOP-71KDDCLF MINGW64 /d/terraform/terraform-practic- (main)
$ git commit -m "asdfghjkl;
> 
> ^C

HP@LAPTOP-71KDDCLF MINGW64 /d/terraform/terraform-practic- (main)
$ git commit -m "asdfghjkl;"
On branch main
Your branch is up to date with 'origin/main'.

Changes not staged for commit:
  (use "git add <file>..." to update what will be committed)
  (use "git restore <file>..." to discard changes in working directory)
  (commit or discard the untracked or modified content in submodules)
        modified:   day-4-state-locking (untracked content)

no changes added to commit (use "git add" and/or "git commit -a")

HP@LAPTOP-71KDDCLF MINGW64 /d/terraform/terraform-practic- (main)
$ git push 
Everything up-to-date

HP@LAPTOP-71KDDCLF MINGW64 /d/terraform/terraform-practic- (main)
$ cp -a day-4-state-locking ../day-4-state-locking-backup

HP@LAPTOP-71KDDCLF MINGW64 /d/terraform/terraform-practic- (main)
$ git submodule deinit -f -- day-4-state-locking
git rm -f day-4-state-locking
rm -rf .git/modules/day-4-state-locking
fatal: could not lookup name for submodule 'day-4-state-locking'

HP@LAPTOP-71KDDCLF MINGW64 /d/terraform/terraform-practic- (main)
$ # 0) from repo root — make a backup copy (verify the backup exists before continuing)
cp -a day-4-state-locking ../day-4-state-locking-backup
ls -la ../day-4-state-locking-backup   # verify backup

# 1) see how the folder is stored in HEAD (diagnostic)
git ls-tree HEAD day-4-state-locking

# 2) remove the gitlink from the index but keep working-tree files
git rm --cached day-4-state-locking

# 3) remove any leftover submodule metadata (if present)
rm -rf .git/modules/day-4-state-locking 2>/dev/null || true

# 4) remove nested .git inside the folder so it's not treated as a repo
rm -rf day-4-state-locking/.git

# 5) add folder back as normal files, commit and push
git add day-4-state-locking
git push origin mainrt day-4-state-locking from submodule/gitlink to normal folder"
total 15
drwxr-xr-x 1 HP 197121    0 Oct 31 13:54 ./
drwxr-xr-x 1 HP 197121    0 Oct 31 13:53 ../
drwxr-xr-x 1 HP 197121    0 Oct 31 13:51 .git/
drwxr-xr-x 1 HP 197121    0 Oct 31 13:27 .terraform/
-rw-r--r-- 1 HP 197121 1377 Oct 31 13:19 .terraform.lock.hcl
-rw-r--r-- 1 HP 197121  162 Oct 31 13:18 backend.tf
drwxr-xr-x 1 HP 197121    0 Oct 31 13:51 day-4-state-locking/
-rw-r--r-- 1 HP 197121  489 Oct 31 13:31 main.tf
-rw-r--r-- 1 HP 197121   43 Oct 31 13:18 provider.tf
160000 commit b39aceb520cf63003c84acc6e4d1ec470b40fcf4  day-4-state-locking
rm 'day-4-state-locking'
[main a8b4d6b] Convert day-4-state-locking from submodule/gitlink to normal folder
 4 files changed, 38 insertions(+), 1 deletion(-)
 delete mode 160000 day-4-state-locking
 create mode 100644 day-4-state-locking/backend.tf
 create mode 100644 day-4-state-locking/main.tf
 create mode 100644 day-4-state-locking/provider.tf
Enumerating objects: 7, done.
Counting objects: 100% (7/7), done.
Delta compression using up to 16 threads
Compressing objects: 100% (5/5), done.
Writing objects: 100% (6/6), 821 bytes | 821.00 KiB/s, done.
Total 6 (delta 1), reused 0 (delta 0), pack-reused 0 (from 0)
remote: Resolving deltas: 100% (1/1), completed with 1 local object.
To https://github.com/Avinashraju7396/terraform-practic-.git
   ea3eedc..a8b4d6b  main -> main

HP@LAPTOP-71KDDCLF MINGW64 /d/terraform/terraform-practic- (main)
$ terraform init
Terraform initialized in an empty directory!

The directory has no Terraform configuration files. You may begin working
with Terraform immediately by creating Terraform configuration files.

HP@LAPTOP-71KDDCLF MINGW64 /d/terraform/terraform-practic- (main)
$ terraform plan
╷
│ Error: No configuration files
│
│ Plan requires configuration to be present. Planning without a configuration would mark everything 
│ for destruction, which is normally not what is desired. If you would like to destroy everything,  
│ run plan with the -destroy option. Otherwise, create a Terraform configuration file (.tf file)    
│ and try again.
╵

HP@LAPTOP-71KDDCLF MINGW64 /d/terraform/terraform-practic- (main)
$ terraform init -reconfigure
Terraform initialized in an empty directory!

The directory has no Terraform configuration files. You may begin working
with Terraform immediately by creating Terraform configuration files.

HP@LAPTOP-71KDDCLF MINGW64 /d/terraform/terraform-practic- (main)
$ terraform plan
╷
│ Error: No configuration files
│
│ Plan requires configuration to be present. Planning without a configuration would mark everything 
│ for destruction, which is normally not what is desired. If you would like to destroy everything,  
│ run plan with the -destroy option. Otherwise, create a Terraform configuration file (.tf file)    
│ and try again.
╵

HP@LAPTOP-71KDDCLF MINGW64 /d/terraform/terraform-practic- (main)
$ ls
day-1-basic-code/  day-2-basic-code/  day-3-statefile/  day-4-state-locking/

HP@LAPTOP-71KDDCLF MINGW64 /d/terraform/terraform-practic- (main)
$ cd day-4-state-locking/

HP@LAPTOP-71KDDCLF MINGW64 /d/terraform/terraform-practic-/day-4-state-locking (main)
$ terraform init -reconfigure
Initializing the backend...

Successfully configured the backend "s3"! Terraform will automatically
use this backend unless the backend configuration changes.
Initializing provider plugins...
- Reusing previous version of hashicorp/aws from the dependency lock file
- Using previously-installed hashicorp/aws v6.19.0

Terraform has been successfully initialized!

You may now begin working with Terraform. Try running "terraform plan" to see
any changes that are required for your infrastructure. All Terraform commands
should now work.

If you ever set or change modules or backend configuration for Terraform,
rerun this command to reinitialize your working directory. If you forget, other
commands will detect it and remind you to do so if necessary.

HP@LAPTOP-71KDDCLF MINGW64 /d/terraform/terraform-practic-/day-4-state-locking (main)
$ terraform plan
aws_instance.name[0]: Refreshing state... [id=i-0f871247b3a636810]
aws_vpc.name: Refreshing state... [id=vpc-0bc1f5f589358ce38]
aws_instance.name[2]: Refreshing state... [id=i-0c7b03f89538e28f7]
aws_instance.name[4]: Refreshing state... [id=i-05e5b74f9578aae85]
aws_instance.name[1]: Refreshing state... [id=i-0df8e5f97a9bed6c6]
aws_instance.name[3]: Refreshing state... [id=i-0c24db9f5d9636280]
aws_subnet.name: Refreshing state... [id=subnet-096f7e23ee6d4f86b]

No changes. Your infrastructure matches the configuration.

Terraform has compared your real infrastructure against your configuration and found no
differences, so no changes are needed.
Releasing state lock. This may take a few moments...

HP@LAPTOP-71KDDCLF MINGW64 /d/terraform/terraform-practic-/day-4-state-locking (main)
$ vi main.tf

HP@LAPTOP-71KDDCLF MINGW64 /d/terraform/terraform-practic-/day-4-state-locking (main)
$ vi backend.tf

HP@LAPTOP-71KDDCLF MINGW64 /d/terraform/terraform-practic-/day-4-state-locking (main)
$ terraform apply -auto-approve
aws_vpc.name: Refreshing state... [id=vpc-0bc1f5f589358ce38]
aws_instance.name[0]: Refreshing state... [id=i-0f871247b3a636810]
aws_instance.name[3]: Refreshing state... [id=i-0c24db9f5d9636280]
aws_instance.name[1]: Refreshing state... [id=i-0df8e5f97a9bed6c6]
aws_instance.name[2]: Refreshing state... [id=i-0c7b03f89538e28f7]
aws_instance.name[4]: Refreshing state... [id=i-05e5b74f9578aae85]
aws_subnet.name: Refreshing state... [id=subnet-096f7e23ee6d4f86b]

No changes. Your infrastructure matches the configuration.

Terraform has compared your real infrastructure against your configuration and found no
differences, so no changes are needed.
Releasing state lock. This may take a few moments...

Apply complete! Resources: 0 added, 0 changed, 0 destroyed.

HP@LAPTOP-71KDDCLF MINGW64 /d/terraform/terraform-practic-/day-4-state-locking (main)
$ cd ..

HP@LAPTOP-71KDDCLF MINGW64 /d/terraform/terraform-practic- (main)
$ git add .

HP@LAPTOP-71KDDCLF MINGW64 /d/terraform/terraform-practic- (main)
$ git commit -m "ching1"
[main 36fdcb8] ching1
 1 file changed, 1 insertion(+)

HP@LAPTOP-71KDDCLF MINGW64 /d/terraform/terraform-practic- (main)
$ git push
Enumerating objects: 7, done.
Counting objects: 100% (7/7), done.
Delta compression using up to 16 threads
Compressing objects: 100% (4/4), done.
Writing objects: 100% (4/4), 455 bytes | 455.00 KiB/s, done.
Total 4 (delta 2), reused 0 (delta 0), pack-reused 0 (from 0)
remote: Resolving deltas: 100% (2/2), completed with 2 local objects.
To https://github.com/Avinashraju7396/terraform-practic-.git
   a8b4d6b..36fdcb8  main -> main

HP@LAPTOP-71KDDCLF MINGW64 /d/terraform/terraform-practic- (main)
$ terraform destroy -auto-approve

No changes. No objects need to be destroyed.

Either you have not created any objects yet or the existing objects were already deleted outside of
Terraform.

Destroy complete! Resources: 0 destroyed.

HP@LAPTOP-71KDDCLF MINGW64 /d/terraform/terraform-practic- (main)
$ terraform destroyes -auto-approve
Terraform has no command named "destroyes". Did you mean "destroy"?

To see all of Terraform's top-level commands, run:
  terraform -help


HP@LAPTOP-71KDDCLF MINGW64 /d/terraform/terraform-practic- (main)
$ terraform destroy -auto-approve

No changes. No objects need to be destroyed.

Either you have not created any objects yet or the existing objects were already deleted outside of
Terraform.

Destroy complete! Resources: 0 destroyed.

HP@LAPTOP-71KDDCLF MINGW64 /d/terraform/terraform-practic- (main)
$ ls
day-1-basic-code/  day-2-basic-code/  day-3-statefile/  day-4-state-locking/  terraform.tfstate

HP@LAPTOP-71KDDCLF MINGW64 /d/terraform/terraform-practic- (main)
$ cd day-4-state-locking/

HP@LAPTOP-71KDDCLF MINGW64 /d/terraform/terraform-practic-/day-4-state-locking (main)
$ terraform destroy -auto-approve
Acquiring state lock. This may take a few moments...
aws_vpc.name: Refreshing state... [id=vpc-0bc1f5f589358ce38]
aws_instance.name[1]: Refreshing state... [id=i-0df8e5f97a9bed6c6]
aws_instance.name[4]: Refreshing state... [id=i-05e5b74f9578aae85]
aws_instance.name[2]: Refreshing state... [id=i-0c7b03f89538e28f7]
aws_instance.name[3]: Refreshing state... [id=i-0c24db9f5d9636280]
aws_instance.name[0]: Refreshing state... [id=i-0f871247b3a636810]
aws_subnet.name: Refreshing state... [id=subnet-096f7e23ee6d4f86b]

Terraform used the selected providers to generate the following execution plan. Resource actions    
are indicated with the following symbols:
  - destroy

Terraform will perform the following actions:

  # aws_instance.name[0] will be destroyed
  - resource "aws_instance" "name" {
      - ami                                  = "ami-07860a2d7eb515d9a" -> null
      - arn                                  = "arn:aws:ec2:us-east-1:872566781762:instance/i-0f871247b3a636810" -> null
      - associate_public_ip_address          = false -> null
      - availability_zone                    = "us-east-1f" -> null
      - disable_api_stop                     = false -> null
      - disable_api_termination              = false -> null
      - ebs_optimized                        = false -> null
      - force_destroy                        = false -> null
      - get_password_data                    = false -> null
      - hibernation                          = false -> null
      - id                                   = "i-0f871247b3a636810" -> null
      - instance_initiated_shutdown_behavior = "stop" -> null
      - instance_state                       = "running" -> null
      - instance_type                        = "t3.micro" -> null
      - ipv6_address_count                   = 0 -> null
      - ipv6_addresses                       = [] -> null
      - monitoring                           = false -> null
      - placement_partition_number           = 0 -> null
      - primary_network_interface_id         = "eni-0c86c5ee7f1b7b687" -> null
      - private_dns                          = "ip-10-0-0-84.ec2.internal" -> null
      - private_ip                           = "10.0.0.84" -> null
      - region                               = "us-east-1" -> null
      - secondary_private_ips                = [] -> null
      - security_groups                      = [] -> null
      - source_dest_check                    = true -> null
      - subnet_id                            = "subnet-096f7e23ee6d4f86b" -> null
      - tags                                 = {
          - "Name" = "ec2-1"
        } -> null
      - tags_all                             = {
          - "Name" = "ec2-1"
        } -> null
      - tenancy                              = "default" -> null
      - user_data_replace_on_change          = false -> null
      - vpc_security_group_ids               = [
          - "sg-0573956f3a7da7236",
        ] -> null
        # (11 unchanged attributes hidden)

      - capacity_reservation_specification {
          - capacity_reservation_preference = "open" -> null
        }

      - cpu_options {
          - core_count       = 1 -> null
          - threads_per_core = 2 -> null
            # (1 unchanged attribute hidden)
        }

      - credit_specification {
          - cpu_credits = "unlimited" -> null
        }

      - enclave_options {
          - enabled = false -> null
        }

      - maintenance_options {
          - auto_recovery = "default" -> null
        }

      - metadata_options {
          - http_endpoint               = "enabled" -> null
          - http_protocol_ipv6          = "disabled" -> null
          - http_put_response_hop_limit = 2 -> null
          - http_tokens                 = "required" -> null
          - instance_metadata_tags      = "disabled" -> null
        }

      - primary_network_interface {
          - delete_on_termination = true -> null
          - network_interface_id  = "eni-0c86c5ee7f1b7b687" -> null
        }

      - private_dns_name_options {
          - enable_resource_name_dns_a_record    = false -> null
          - enable_resource_name_dns_aaaa_record = false -> null
          - hostname_type                        = "ip-name" -> null
        }

      - root_block_device {
          - delete_on_termination = true -> null
          - device_name           = "/dev/xvda" -> null
          - encrypted             = false -> null
          - iops                  = 3000 -> null
          - tags                  = {} -> null
          - tags_all              = {} -> null
          - throughput            = 125 -> null
          - volume_id             = "vol-000c3b2b2bd7b63b8" -> null
          - volume_size           = 8 -> null
          - volume_type           = "gp3" -> null
            # (1 unchanged attribute hidden)
        }
    }

  # aws_instance.name[1] will be destroyed
  - resource "aws_instance" "name" {
      - ami                                  = "ami-07860a2d7eb515d9a" -> null
      - arn                                  = "arn:aws:ec2:us-east-1:872566781762:instance/i-0df8e5f97a9bed6c6" -> null
      - associate_public_ip_address          = false -> null
      - availability_zone                    = "us-east-1f" -> null
      - disable_api_stop                     = false -> null
      - disable_api_termination              = false -> null
      - ebs_optimized                        = false -> null
      - force_destroy                        = false -> null
      - get_password_data                    = false -> null
      - hibernation                          = false -> null
      - id                                   = "i-0df8e5f97a9bed6c6" -> null
      - instance_initiated_shutdown_behavior = "stop" -> null
      - instance_state                       = "running" -> null
      - instance_type                        = "t3.micro" -> null
      - ipv6_address_count                   = 0 -> null
      - ipv6_addresses                       = [] -> null
      - monitoring                           = false -> null
      - placement_partition_number           = 0 -> null
      - primary_network_interface_id         = "eni-0dde83b64d5bc02f4" -> null
      - private_dns                          = "ip-10-0-0-216.ec2.internal" -> null
      - private_ip                           = "10.0.0.216" -> null
      - region                               = "us-east-1" -> null
      - secondary_private_ips                = [] -> null
      - security_groups                      = [] -> null
      - source_dest_check                    = true -> null
      - subnet_id                            = "subnet-096f7e23ee6d4f86b" -> null
      - tags                                 = {
          - "Name" = "ec2-1"
        } -> null
      - tags_all                             = {
          - "Name" = "ec2-1"
        } -> null
      - tenancy                              = "default" -> null
      - user_data_replace_on_change          = false -> null
      - vpc_security_group_ids               = [
          - "sg-0573956f3a7da7236",
        ] -> null
        # (11 unchanged attributes hidden)

      - capacity_reservation_specification {
          - capacity_reservation_preference = "open" -> null
        }

      - cpu_options {
          - core_count       = 1 -> null
          - threads_per_core = 2 -> null
            # (1 unchanged attribute hidden)
        }

      - credit_specification {
          - cpu_credits = "unlimited" -> null
        }

      - enclave_options {
          - enabled = false -> null
        }

      - maintenance_options {
          - auto_recovery = "default" -> null
        }

      - metadata_options {
          - http_endpoint               = "enabled" -> null
          - http_protocol_ipv6          = "disabled" -> null
          - http_put_response_hop_limit = 2 -> null
          - http_tokens                 = "required" -> null
          - instance_metadata_tags      = "disabled" -> null
        }

      - primary_network_interface {
          - delete_on_termination = true -> null
          - network_interface_id  = "eni-0dde83b64d5bc02f4" -> null
        }

      - private_dns_name_options {
          - enable_resource_name_dns_a_record    = false -> null
          - enable_resource_name_dns_aaaa_record = false -> null
          - hostname_type                        = "ip-name" -> null
        }

      - root_block_device {
          - delete_on_termination = true -> null
          - device_name           = "/dev/xvda" -> null
          - encrypted             = false -> null
          - iops                  = 3000 -> null
          - tags                  = {} -> null
          - tags_all              = {} -> null
          - throughput            = 125 -> null
          - volume_id             = "vol-0ef7ef4a8a433d10f" -> null
          - volume_size           = 8 -> null
          - volume_type           = "gp3" -> null
            # (1 unchanged attribute hidden)
        }
    }

  # aws_instance.name[2] will be destroyed
  - resource "aws_instance" "name" {
      - ami                                  = "ami-07860a2d7eb515d9a" -> null
      - arn                                  = "arn:aws:ec2:us-east-1:872566781762:instance/i-0c7b03f89538e28f7" -> null
      - associate_public_ip_address          = false -> null
      - availability_zone                    = "us-east-1f" -> null
      - disable_api_stop                     = false -> null
      - disable_api_termination              = false -> null
      - ebs_optimized                        = false -> null
      - force_destroy                        = false -> null
      - get_password_data                    = false -> null
      - hibernation                          = false -> null
      - id                                   = "i-0c7b03f89538e28f7" -> null
      - instance_initiated_shutdown_behavior = "stop" -> null
      - instance_state                       = "running" -> null
      - instance_type                        = "t3.micro" -> null
      - ipv6_address_count                   = 0 -> null
      - ipv6_addresses                       = [] -> null
      - monitoring                           = false -> null
      - placement_partition_number           = 0 -> null
      - primary_network_interface_id         = "eni-06eaf62e98f8deed1" -> null
      - private_dns                          = "ip-10-0-0-229.ec2.internal" -> null
      - private_ip                           = "10.0.0.229" -> null
      - region                               = "us-east-1" -> null
      - secondary_private_ips                = [] -> null
      - security_groups                      = [] -> null
      - source_dest_check                    = true -> null
      - subnet_id                            = "subnet-096f7e23ee6d4f86b" -> null
      - tags                                 = {
          - "Name" = "ec2-1"
        } -> null
      - tags_all                             = {
          - "Name" = "ec2-1"
        } -> null
      - tenancy                              = "default" -> null
      - user_data_replace_on_change          = false -> null
      - vpc_security_group_ids               = [
          - "sg-0573956f3a7da7236",
        ] -> null
        # (11 unchanged attributes hidden)

      - capacity_reservation_specification {
          - capacity_reservation_preference = "open" -> null
        }

      - cpu_options {
          - core_count       = 1 -> null
          - threads_per_core = 2 -> null
            # (1 unchanged attribute hidden)
        }

      - credit_specification {
          - cpu_credits = "unlimited" -> null
        }

      - enclave_options {
          - enabled = false -> null
        }

      - maintenance_options {
          - auto_recovery = "default" -> null
        }

      - metadata_options {
          - http_endpoint               = "enabled" -> null
          - http_protocol_ipv6          = "disabled" -> null
          - http_put_response_hop_limit = 2 -> null
          - http_tokens                 = "required" -> null
          - instance_metadata_tags      = "disabled" -> null
        }

      - primary_network_interface {
          - delete_on_termination = true -> null
          - network_interface_id  = "eni-06eaf62e98f8deed1" -> null
        }

      - private_dns_name_options {
          - enable_resource_name_dns_a_record    = false -> null
          - enable_resource_name_dns_aaaa_record = false -> null
          - hostname_type                        = "ip-name" -> null
        }

      - root_block_device {
          - delete_on_termination = true -> null
          - device_name           = "/dev/xvda" -> null
          - encrypted             = false -> null
          - iops                  = 3000 -> null
          - tags                  = {} -> null
          - tags_all              = {} -> null
          - throughput            = 125 -> null
          - volume_id             = "vol-00718d2a2cbce857f" -> null
          - volume_size           = 8 -> null
          - volume_type           = "gp3" -> null
            # (1 unchanged attribute hidden)
        }
    }

  # aws_instance.name[3] will be destroyed
  - resource "aws_instance" "name" {
      - ami                                  = "ami-07860a2d7eb515d9a" -> null
      - arn                                  = "arn:aws:ec2:us-east-1:872566781762:instance/i-0c24db9f5d9636280" -> null
      - associate_public_ip_address          = false -> null
      - availability_zone                    = "us-east-1f" -> null
      - disable_api_stop                     = false -> null
      - disable_api_termination              = false -> null
      - ebs_optimized                        = false -> null
      - force_destroy                        = false -> null
      - get_password_data                    = false -> null
      - hibernation                          = false -> null
      - id                                   = "i-0c24db9f5d9636280" -> null
      - instance_initiated_shutdown_behavior = "stop" -> null
      - instance_state                       = "running" -> null
      - instance_type                        = "t3.micro" -> null
      - ipv6_address_count                   = 0 -> null
      - ipv6_addresses                       = [] -> null
      - monitoring                           = false -> null
      - placement_partition_number           = 0 -> null
      - primary_network_interface_id         = "eni-0ec0ef9c51ef899da" -> null
      - private_dns                          = "ip-10-0-0-161.ec2.internal" -> null
      - private_ip                           = "10.0.0.161" -> null
      - region                               = "us-east-1" -> null
      - secondary_private_ips                = [] -> null
      - security_groups                      = [] -> null
      - source_dest_check                    = true -> null
      - subnet_id                            = "subnet-096f7e23ee6d4f86b" -> null
      - tags                                 = {
          - "Name" = "ec2-1"
        } -> null
      - tags_all                             = {
          - "Name" = "ec2-1"
        } -> null
      - tenancy                              = "default" -> null
      - user_data_replace_on_change          = false -> null
      - vpc_security_group_ids               = [
          - "sg-0573956f3a7da7236",
        ] -> null
        # (11 unchanged attributes hidden)

      - capacity_reservation_specification {
          - capacity_reservation_preference = "open" -> null
        }

      - cpu_options {
          - core_count       = 1 -> null
          - threads_per_core = 2 -> null
            # (1 unchanged attribute hidden)
        }

      - credit_specification {
          - cpu_credits = "unlimited" -> null
        }

      - enclave_options {
          - enabled = false -> null
        }

      - maintenance_options {
          - auto_recovery = "default" -> null
        }

      - metadata_options {
          - http_endpoint               = "enabled" -> null
          - http_protocol_ipv6          = "disabled" -> null
          - http_put_response_hop_limit = 2 -> null
          - http_tokens                 = "required" -> null
          - instance_metadata_tags      = "disabled" -> null
        }

      - primary_network_interface {
          - delete_on_termination = true -> null
          - network_interface_id  = "eni-0ec0ef9c51ef899da" -> null
        }

      - private_dns_name_options {
          - enable_resource_name_dns_a_record    = false -> null
          - enable_resource_name_dns_aaaa_record = false -> null
          - hostname_type                        = "ip-name" -> null
        }

      - root_block_device {
          - delete_on_termination = true -> null
          - device_name           = "/dev/xvda" -> null
          - encrypted             = false -> null
          - iops                  = 3000 -> null
          - tags                  = {} -> null
          - tags_all              = {} -> null
          - throughput            = 125 -> null
          - volume_id             = "vol-0993c0ef08ef3656e" -> null
          - volume_size           = 8 -> null
          - volume_type           = "gp3" -> null
            # (1 unchanged attribute hidden)
        }
    }

  # aws_instance.name[4] will be destroyed
  - resource "aws_instance" "name" {
      - ami                                  = "ami-07860a2d7eb515d9a" -> null
      - arn                                  = "arn:aws:ec2:us-east-1:872566781762:instance/i-05e5b74f9578aae85" -> null
      - associate_public_ip_address          = false -> null
      - availability_zone                    = "us-east-1f" -> null
      - disable_api_stop                     = false -> null
      - disable_api_termination              = false -> null
      - ebs_optimized                        = false -> null
      - force_destroy                        = false -> null
      - get_password_data                    = false -> null
      - hibernation                          = false -> null
      - id                                   = "i-05e5b74f9578aae85" -> null
      - instance_initiated_shutdown_behavior = "stop" -> null
      - instance_state                       = "running" -> null
      - instance_type                        = "t3.micro" -> null
      - ipv6_address_count                   = 0 -> null
      - ipv6_addresses                       = [] -> null
      - monitoring                           = false -> null
      - placement_partition_number           = 0 -> null
      - primary_network_interface_id         = "eni-04709f8e8bbf74531" -> null
      - private_dns                          = "ip-10-0-0-210.ec2.internal" -> null
      - private_ip                           = "10.0.0.210" -> null
      - region                               = "us-east-1" -> null
      - secondary_private_ips                = [] -> null
      - security_groups                      = [] -> null
      - source_dest_check                    = true -> null
      - subnet_id                            = "subnet-096f7e23ee6d4f86b" -> null
      - tags                                 = {
          - "Name" = "ec2-1"
        } -> null
      - tags_all                             = {
          - "Name" = "ec2-1"
        } -> null
      - tenancy                              = "default" -> null
      - user_data_replace_on_change          = false -> null
      - vpc_security_group_ids               = [
          - "sg-0573956f3a7da7236",
        ] -> null
        # (11 unchanged attributes hidden)

      - capacity_reservation_specification {
          - capacity_reservation_preference = "open" -> null
        }

      - cpu_options {
          - core_count       = 1 -> null
          - threads_per_core = 2 -> null
            # (1 unchanged attribute hidden)
        }

      - credit_specification {
          - cpu_credits = "unlimited" -> null
        }

      - enclave_options {
          - enabled = false -> null
        }

      - maintenance_options {
          - auto_recovery = "default" -> null
        }

      - metadata_options {
          - http_endpoint               = "enabled" -> null
          - http_protocol_ipv6          = "disabled" -> null
          - http_put_response_hop_limit = 2 -> null
          - http_tokens                 = "required" -> null
          - instance_metadata_tags      = "disabled" -> null
        }

      - primary_network_interface {
          - delete_on_termination = true -> null
          - network_interface_id  = "eni-04709f8e8bbf74531" -> null
        }

      - private_dns_name_options {
          - enable_resource_name_dns_a_record    = false -> null
          - enable_resource_name_dns_aaaa_record = false -> null
          - hostname_type                        = "ip-name" -> null
        }

      - root_block_device {
          - delete_on_termination = true -> null
          - device_name           = "/dev/xvda" -> null
          - encrypted             = false -> null
          - iops                  = 3000 -> null
          - tags                  = {} -> null
          - tags_all              = {} -> null
          - throughput            = 125 -> null
          - volume_id             = "vol-0c50f6a6f66ee81a0" -> null
          - volume_size           = 8 -> null
          - volume_type           = "gp3" -> null
            # (1 unchanged attribute hidden)
        }
    }

  # aws_subnet.name will be destroyed
  - resource "aws_subnet" "name" {
      - arn                                            = "arn:aws:ec2:us-east-1:872566781762:subnet/subnet-096f7e23ee6d4f86b" -> null
      - assign_ipv6_address_on_creation                = false -> null
      - availability_zone                              = "us-east-1f" -> null
      - availability_zone_id                           = "use1-az5" -> null
      - cidr_block                                     = "10.0.0.0/24" -> null
      - enable_dns64                                   = false -> null
      - enable_lni_at_device_index                     = 0 -> null
      - enable_resource_name_dns_a_record_on_launch    = false -> null
      - enable_resource_name_dns_aaaa_record_on_launch = false -> null
      - id                                             = "subnet-096f7e23ee6d4f86b" -> null
      - ipv6_native                                    = false -> null
      - map_customer_owned_ip_on_launch                = false -> null
      - map_public_ip_on_launch                        = false -> null
      - owner_id                                       = "872566781762" -> null
      - private_dns_hostname_type_on_launch            = "ip-name" -> null
      - region                                         = "us-east-1" -> null
      - tags                                           = {
          - "Name" = "my subnet1"
        } -> null
      - tags_all                                       = {
          - "Name" = "my subnet1"
        } -> null
      - vpc_id                                         = "vpc-0bc1f5f589358ce38" -> null
        # (4 unchanged attributes hidden)
    }

  # aws_vpc.name will be destroyed
  - resource "aws_vpc" "name" {
      - arn                                  = "arn:aws:ec2:us-east-1:872566781762:vpc/vpc-0bc1f5f589358ce38" -> null
      - assign_generated_ipv6_cidr_block     = false -> null
      - cidr_block                           = "10.0.0.0/16" -> null
      - default_network_acl_id               = "acl-0b447523fe2022355" -> null
      - default_route_table_id               = "rtb-015bf224665dc28d9" -> null
      - default_security_group_id            = "sg-0573956f3a7da7236" -> null
      - dhcp_options_id                      = "dopt-0c200de0d59be317f" -> null
      - enable_dns_hostnames                 = false -> null
      - enable_dns_support                   = true -> null
      - enable_network_address_usage_metrics = false -> null
      - id                                   = "vpc-0bc1f5f589358ce38" -> null
      - instance_tenancy                     = "default" -> null
      - ipv6_netmask_length                  = 0 -> null
      - main_route_table_id                  = "rtb-015bf224665dc28d9" -> null
      - owner_id                             = "872566781762" -> null
      - region                               = "us-east-1" -> null
      - tags                                 = {
          - "Name" = "one12"
        } -> null
      - tags_all                             = {
          - "Name" = "one12"
        } -> null
        # (4 unchanged attributes hidden)
    }

Plan: 0 to add, 0 to change, 7 to destroy.
aws_subnet.name: Destroying... [id=subnet-096f7e23ee6d4f86b]
aws_instance.name[3]: Destroying... [id=i-0c24db9f5d9636280]
aws_instance.name[1]: Destroying... [id=i-0df8e5f97a9bed6c6]
aws_instance.name[4]: Destroying... [id=i-05e5b74f9578aae85]
aws_instance.name[0]: Destroying... [id=i-0f871247b3a636810]
aws_instance.name[2]: Destroying... [id=i-0c7b03f89538e28f7]
aws_subnet.name: Still destroying... [id=subnet-096f7e23ee6d4f86b, 00m10s elapsed]
aws_instance.name[1]: Still destroying... [id=i-0df8e5f97a9bed6c6, 00m10s elapsed]
aws_instance.name[3]: Still destroying... [id=i-0c24db9f5d9636280, 00m10s elapsed]
aws_instance.name[0]: Still destroying... [id=i-0f871247b3a636810, 00m10s elapsed]
aws_instance.name[2]: Still destroying... [id=i-0c7b03f89538e28f7, 00m10s elapsed]
aws_instance.name[4]: Still destroying... [id=i-05e5b74f9578aae85, 00m10s elapsed]
aws_subnet.name: Still destroying... [id=subnet-096f7e23ee6d4f86b, 00m20s elapsed]
aws_instance.name[3]: Still destroying... [id=i-0c24db9f5d9636280, 00m20s elapsed]
aws_instance.name[1]: Still destroying... [id=i-0df8e5f97a9bed6c6, 00m20s elapsed]
aws_instance.name[0]: Still destroying... [id=i-0f871247b3a636810, 00m20s elapsed]
aws_instance.name[4]: Still destroying... [id=i-05e5b74f9578aae85, 00m20s elapsed]
aws_instance.name[2]: Still destroying... [id=i-0c7b03f89538e28f7, 00m20s elapsed]
aws_instance.name[4]: Destruction complete after 22s
aws_instance.name[1]: Still destroying... [id=i-0df8e5f97a9bed6c6, 00m30s elapsed]
aws_subnet.name: Still destroying... [id=subnet-096f7e23ee6d4f86b, 00m30s elapsed]
aws_instance.name[0]: Still destroying... [id=i-0f871247b3a636810, 00m30s elapsed]
aws_instance.name[3]: Still destroying... [id=i-0c24db9f5d9636280, 00m30s elapsed]
aws_instance.name[2]: Still destroying... [id=i-0c7b03f89538e28f7, 00m30s elapsed]
aws_instance.name[0]: Destruction complete after 33s
aws_subnet.name: Still destroying... [id=subnet-096f7e23ee6d4f86b, 00m40s elapsed]
aws_instance.name[1]: Still destroying... [id=i-0df8e5f97a9bed6c6, 00m40s elapsed]
aws_instance.name[2]: Still destroying... [id=i-0c7b03f89538e28f7, 00m40s elapsed]
aws_instance.name[3]: Still destroying... [id=i-0c24db9f5d9636280, 00m40s elapsed]
aws_instance.name[1]: Destruction complete after 42s
aws_subnet.name: Still destroying... [id=subnet-096f7e23ee6d4f86b, 00m50s elapsed]
aws_instance.name[3]: Still destroying... [id=i-0c24db9f5d9636280, 00m50s elapsed]
aws_instance.name[2]: Still destroying... [id=i-0c7b03f89538e28f7, 00m50s elapsed]
aws_instance.name[3]: Destruction complete after 53s
aws_subnet.name: Still destroying... [id=subnet-096f7e23ee6d4f86b, 01m00s elapsed]
aws_instance.name[2]: Still destroying... [id=i-0c7b03f89538e28f7, 01m00s elapsed]
aws_subnet.name: Still destroying... [id=subnet-096f7e23ee6d4f86b, 01m10s elapsed]